2026-09-10 23:54:54.149 [main] INFO  Freerouting v1.9.0 (build-date: 2023-10-30)
2026-09-10 23:54:54.164 [main] INFO  Settings were loaded from freerouting.json
2026-09-10 23:54:55.174 [main] INFO  Opening '/Users/utilityserver/github/pivac/hardware/int-board/int-board.dsn'...
2026-09-10 23:54:55.411 [ForkJoinPool.commonPool-worker-1] INFO  New version available: v2.4.1
2026-09-10 23:55:16.335 [Thread-20] INFO  Starting auto-routing...
2026-09-10 23:55:20.409 [Thread-20] WARN  There were only 11.60 changes in the last 20 passes, so it's very likely that autorouter can't improve the result much further. It is recommended to stop it and finish the board manually.
2026-09-10 23:55:23.830 [Thread-20] WARN  There were only 7.58 changes in the last 40 passes, so it's very likely that autorouter can't improve the result much further. It is recommended to stop it and finish the board manually.
2026-09-10 23:55:27.513 [Thread-20] WARN  There were only 6.57 changes in the last 60 passes, so it's very likely that autorouter can't improve the result much further. It is recommended to stop it and finish the board manually.
2026-09-10 23:55:31.258 [Thread-20] WARN  There were only 6.06 changes in the last 80 passes, so it's very likely that autorouter can't improve the result much further. It is recommended to stop it and finish the board manually.
2026-09-10 23:55:35.022 [Thread-20] WARN  There were only 5.89 changes in the last 100 passes, so it's very likely that autorouter can't improve the result much further. It is recommended to stop it and finish the board manually.
2026-09-10 23:55:38.770 [Thread-20] WARN  There were only 5.90 changes in the last 120 passes, so it's very likely that autorouter can't improve the result much further. It is recommended to stop it and finish the board manually.
2026-09-10 23:55:42.520 [Thread-20] WARN  There were only 5.88 changes in the last 140 passes, so it's very likely that autorouter can't improve the result much further. It is recommended to stop it and finish the board manually.
2026-09-10 23:55:46.258 [Thread-20] WARN  There were only 5.86 changes in the last 160 passes, so it's very likely that autorouter can't improve the result much further. It is recommended to stop it and finish the board manually.
2026-09-10 23:55:50.016 [Thread-20] WARN  There were only 5.84 changes in the last 180 passes, so it's very likely that autorouter can't improve the result much further. It is recommended to stop it and finish the board manually.
2026-09-10 23:55:51.976 [Thread-20] INFO  Auto-routing was completed in 35.64 seconds.
2026-09-10 23:55:52.085 [Thread-20] INFO  Starting route optimization on 1 thread...
2026-09-10 23:55:52.485 [Thread-20] INFO  Route optimization was completed in 0.40 seconds.
2026-09-10 23:55:52.489 [Thread-20] INFO  Saving '/Users/utilityserver/github/pivac/hardware/int-board/int-board.ses'...
2026-09-10 23:55:56.136 [main] INFO  Freerouting v1.9.0 (build-date: 2023-10-30)
2026-09-10 23:55:56.152 [main] INFO  Settings were loaded from freerouting.json
2026-09-10 23:55:57.171 [main] INFO  Opening '/Users/utilityserver/github/pivac/hardware/ext-board/ext-board.dsn'...
2026-09-10 23:55:57.373 [ForkJoinPool.commonPool-worker-1] INFO  New version available: v2.4.1
2026-09-10 23:56:18.323 [Thread-20] INFO  Starting auto-routing...
2026-09-10 23:56:18.713 [Thread-20] INFO  Auto-routing was completed in 0.39 seconds.
2026-09-10 23:56:18.824 [Thread-20] INFO  Starting route optimization on 1 thread...
2026-09-10 23:56:19.512 [Thread-20] INFO  Route optimization was completed in 0.69 seconds and it improved the design by ~1.43%.
2026-09-10 23:56:19.515 [Thread-20] INFO  Saving '/Users/utilityserver/github/pivac/hardware/ext-board/ext-board.ses'...
